System.Exception: IsTrue failed, expression was:

"12" == (x + 2).ToString()
     __ .. .    .      .
     |  .. .    \__ ___/
     |  .. .       |
     |  |. .       |
     |  |. |       |
     |  || |       "3"
     |  || 3
     |  |1
     |  3
     False, strings differ at index 0, '1' != '3'

   at PowerAssert.PAssert.IsTrue(Expression`1 expression) in ...\PAssert.cs
   at ...