System.Exception: IsTrue failed, expression was:

l[2].ToString() == (b ? "three" : "four")
..   .      .   __ ..
..   \__ ___/   |  ..
..      |       |  |.
.|      |       |  ||
||      |       |  |False
||      |       |  "four"
||      |       False, strings differ at index 0, '3' != 'f'
||      "3"
|3
[1, 2, 3]

   at PowerAssert.PAssert.IsTrue(Expression`1 expression) in ...\PAssert.cs
   at ...