System.Exception: IsTrue failed, expression was:

x + 5 == d.Month * y
. .   __ . .   . . .
. .   |  . .   . . .
. |   |  . \_ _/ | .
| |   |  .   |   | |
| |   |  |   |   | 6
| |   |  |   |   18
| |   |  |   3
| |   |  03/01/2010 00:00:00
| |   False
| 16
11

   at PowerAssert.PAssert.IsTrue(Expression`1 expression) in ...\PAssert.cs
   at ...