System.Exception: IsTrue failed, expression was:

4.5 == d + (double)(3 / i)
    __ . . .      ..  . .
    |  . . .      ..  . .
    |  . | .      ..  . .
    |  | | \__ ___/|  . .
    |  | |    |    |  | .
    |  | |    |    |  | 2
    |  | |    |    |  1
    |  | |    |    1
    |  | |    1
    |  | 4
    |  3
    False

   at PowerAssert.PAssert.IsTrue(Expression`1 expression) in ...\PAssert.cs
   at ...