System.Exception: IsTrue failed, expression was:

(long)x == 10
.    .. __
.    .. |
\_ __/| |
  |   | False
  |   5
  5

   at PowerAssert.PAssert.IsTrue(Expression`1 expression, CallerLocation location) in ...\PAssert.cs
   at PowerAssertTests.Approvals.EndToEndTest.ApproveException(Expression`1 func) in ...\EndToEndTest.cs