System.Exception: IsTrue failed, expression was:

l == r
. __ .
. |  .
| |  "hell‌o"
| False, right string contains format character 'U+200c' at index 4
"hello"

   at PowerAssert.PAssert.IsTrue(Expression`1 expression, CallerLocation location) in ...\PAssert.cs
   at PowerAssertTests.Approvals.EndToEndTest.ApproveException(Expression`1 func) in ...\EndToEndTest.cs