System.Exception: IsTrue failed, expression was:

a as string != null
. ..        __
. __        |
. |         |
| |         False
| null
System.Object

   at PowerAssert.PAssert.IsTrue(Expression`1 expression) in ...\PAssert.cs
   at PowerAssertTests.Approvals.EndToEndTest.ApproveException(Expression`1 func) in ...\EndToEndTest.cs