System.Exception: IsTrue failed, expression was:

!g.Any()
.. \ /
..  |
||  True
|[{"even":[0, 2, 4]}, {"odd":[1, 3]}]
False

   at PowerAssert.PAssert.IsTrue(Expression`1 expression) in ...\PAssert.cs
   at ...