System.Exception: IsTrue failed, expression was:

x.SequenceEqual(y)
. \_____ _____/ .
.       |       .
|       |       [1, 2, 3, 4, 5, ... (6 total)]
|       False, enumerables differ at index 5, 6 != 7
[1, 2, 3, 4, 5, ... (6 total)]

   at PowerAssert.PAssert.IsTrue(Expression`1 expression, CallerLocation location) in ...\PAssert.cs
   at PowerAssertTests.Approvals.EndToEndTest.ApproveException(Expression`1 func) in ...\EndToEndTest.cs