System.Exception: IsTrue failed, expression was:

(x + "").Length == 0
.. .     .    . __
.. .     \_ __/ |
.. .       |    |
|. .       |    |
|. |       |    |
|| |       |    False
|| |       3
|| "foo"
|"foo"
"foo"

   at PowerAssert.PAssert.IsTrue(Expression`1 expression) in ...\PAssert.cs
   at ...