System.Exception: IsTrue failed, expression was:

_expected == "foo"
.       . __
\___ ___/ |
    |     False, strings differ at index 0, 'b' != 'f'
    "bar"

   at PowerAssert.PAssert.IsTrue(Expression`1 expression, CallerLocation location) in ...\PAssert.cs
   at PowerAssertTests.Approvals.EndToEndTest.ApproveException(Expression`1 func) in ...\EndToEndTest.cs