System.Exception: IsTrue failed, expression was:

16384 == (int)o
      __ .   ..
      |  .   ..
      |  \_ _/|
      |    |  SequentialScan
      |    134217728
      False, FileOptions.Encrypted != FileOptions.SequentialScan

   at PowerAssert.PAssert.IsTrue(Expression`1 expression, CallerLocation location) in ...\PAssert.cs
   at PowerAssertTests.Approvals.EndToEndTest.ApproveException(Expression`1 func) in ...\EndToEndTest.cs