System.Exception: IsTrue failed, expression was:

new UriBuilder(){Scheme = "https"} == b
.             .                    __ .
\______ ______/                    |  .
       |                           |  http://localhost/
       |                           False
       https://localhost/

   at PowerAssert.PAssert.IsTrue(Expression`1 expression) in ...\PAssert.cs
   at ...