System.Exception: IsTrue failed, expression was:

new List<int>(new int[]{0}){1, 2, 3}.SequenceEqual(y)
.            .                       \_____ _____/ .
\_____ ______/                             |       .
      |                                    |       [1, 2]
      |                                    False, enumerables differ at index 0, 0 != 1
      [0, 1, 2, 3]

   at PowerAssert.PAssert.IsTrue(Expression`1 expression) in ...\PAssert.cs
   at ...