System.Exception: IsTrue failed, expression was:

l == r
. __ .
. |  .
| |  "hell	o"
| False, right string contains control character 'U+0009' at index 4
"hello"

   at PowerAssert.PAssert.IsTrue(Expression`1 expression, CallerLocation location) in ...\PAssert.cs
   at PowerAssertTests.Approvals.EndToEndTest.ApproveException(Expression`1 func) in ...\EndToEndTest.cs