System.Exception: IsTrue failed, expression was:

b is string
. __
. |
| False
System.Object

   at PowerAssert.PAssert.IsTrue(Expression`1 expression) in ...\PAssert.cs
   at ...