System.Exception: IsTrue failed, expression was:

!(x && True)
... ..
.|. __
||. |
||| True
||True
|True
False

   at PowerAssert.PAssert.IsTrue(Expression`1 expression) in ...\PAssert.cs
   at PowerAssertTests.Approvals.EndToEndTest.ApproveException(Expression`1 func) in ...\EndToEndTest.cs