System.Exception: IsTrue failed, expression was:

(int)(x + 1.8) == 2
.   ... .      __
.   ... .      |
\_ _/|. .      |
  |  |. |      |
  |  || |      False
  |  || 3.3
  |  |1.5
  |  3.3
  3

   at PowerAssert.PAssert.IsTrue(Expression`1 expression) in ...\PAssert.cs
   at PowerAssertTests.Approvals.EndToEndTest.ApproveException(Expression`1 func) in ...\EndToEndTest.cs