System.Exception: IsTrue failed, expression was:

l == r
. __ .
. |  .
| |  "hellö"
| False, right string contains a decomposed character 'ö' at index 4
"hellö"

   at PowerAssert.PAssert.IsTrue(Expression`1 expression) in ...\PAssert.cs
   at PowerAssertTests.Approvals.EndToEndTest.ApproveException(Expression`1 func) in ...\EndToEndTest.cs