System.Exception: IsTrue failed, expression was:

values.Length == 1
.    . .    . __
.    . \_ __/ |
\_ __/   |    |
  |      |    False
  |      0
  []

   at PowerAssert.PAssert.IsTrue(Expression`1 expression) in ...\PAssert.cs
   at PowerAssertTests.Approvals.EndToEndTest.ApproveException(Expression`1 func) in ...\EndToEndTest.cs