System.Exception: IsTrue failed, expression was:

-b == 0
.. __
.. |
.| |
|| False
|5
-5

   at PowerAssert.PAssert.IsTrue(Expression`1 expression) in ...\PAssert.cs
   at PowerAssertTests.Approvals.EndToEndTest.ApproveException(Expression`1 func) in ...\EndToEndTest.cs