System.Exception: IsTrue failed, expression was:

s1.SequenceEqual(s2)
.. \_____ _____/ ..
__       |       __
|        |       "hello2"
|        False, enumerables differ at index 5, '1' != '2'
"hello1"

   at PowerAssert.PAssert.IsTrue(Expression`1 expression) in ...\PAssert.cs
   at PowerAssertTests.Approvals.EndToEndTest.ApproveException(Expression`1 func) in ...\EndToEndTest.cs