System.Exception: IsTrue failed, expression was:

list.Sum() == null
.  . . .   __
.  . \ /   |
\ _/  |    |
 |    |    False
 |    12
 [1, 2, null, 4, 5, ...]

   at PowerAssert.PAssert.IsTrue(Expression`1 expression) in ...\PAssert.cs
   at PowerAssertTests.Approvals.EndToEndTest.ApproveException(Expression`1 func) in ...\EndToEndTest.cs