System.Exception: IsTrue failed, expression was:

dictionary == null
.        . __
\___ ____/ |
    |      False
    [{"foo":"bar"}, {"foo2":"bar2"}]

   at PowerAssert.PAssert.IsTrue(Expression`1 expression) in ...\PAssert.cs
   at PowerAssertTests.Approvals.EndToEndTest.ApproveException(Expression`1 func) in ...\EndToEndTest.cs