System.Exception: IsTrue failed, expression was:

(a * 5).Equals(a + 5)
.. .    \_ __/ . .
.. .      |    . .
|. .      |    . |
|. |      |    | |
|| |      |    | 9
|| |      |    4
|| |      False
|| 20
|4
20

   at PowerAssert.PAssert.IsTrue(Expression`1 expression) in ...\PAssert.cs
   at PowerAssertTests.Approvals.EndToEndTest.ApproveException(Expression`1 func) in ...\EndToEndTest.cs