System.Exception: IsTrue failed, expression was:

l == r
. __ .
. |  .
| |  "hell
o"
| False, left string contains a carriage-return, but right string contains a newline at index 4
"hell
o"

   at PowerAssert.PAssert.IsTrue(Expression`1 expression) in ...\PAssert.cs
   at PowerAssertTests.Approvals.EndToEndTest.ApproveException(Expression`1 func) in ...\EndToEndTest.cs