System.Exception: IsTrue failed, expression was:

d == (double)f
. __ .      ..
. |  .      ..
| |  \__ ___/|
| |     |    0.1
| |     0.100000001490116
| False, but the values only differ by 1.49e-006%
0.1

   at PowerAssert.PAssert.IsTrue(Expression`1 expression) in ...\PAssert.cs
   at PowerAssertTests.Approvals.EndToEndTest.ApproveException(Expression`1 func) in ...\EndToEndTest.cs